[2025-08-01T15:46:35.686+0800] Heap region size: 1M
[2025-08-01T15:46:35.687+0800] Using G1
[2025-08-01T15:46:35.687+0800] Heap address: 0x00000007fd800000, size: 40 MB, Compressed Oops mode: Zero based, Oop shift amount: 3
[2025-08-01T15:46:36.392+0800] GC(0) Pause Young (Normal) (G1 Evacuation Pause)
[2025-08-01T15:46:36.392+0800] GC(0) Using 2 workers of 8 for evacuation
[2025-08-01T15:46:36.397+0800] GC(0)   Pre Evacuate Collection Set: 0.0ms
[2025-08-01T15:46:36.398+0800] GC(0)   Evacuate Collection Set: 5.3ms
[2025-08-01T15:46:36.398+0800] GC(0)   Post Evacuate Collection Set: 0.3ms
[2025-08-01T15:46:36.398+0800] GC(0)   Other: 0.3ms
[2025-08-01T15:46:36.398+0800] GC(0) Eden regions: 19->0(16)
[2025-08-01T15:46:36.398+0800] GC(0) Survivor regions: 0->3(3)
[2025-08-01T15:46:36.398+0800] GC(0) Old regions: 0->2
[2025-08-01T15:46:36.398+0800] GC(0) Humongous regions: 0->0
[2025-08-01T15:46:36.398+0800] GC(0) Metaspace: 14134K(14720K)->14134K(14720K) NonClass: 12633K(13056K)->12633K(13056K) Class: 1501K(1664K)->1501K(1664K)
[2025-08-01T15:46:36.398+0800] GC(0) Pause Young (Normal) (G1 Evacuation Pause) 19M->4M(40M) 5.913ms
[2025-08-01T15:46:36.398+0800] GC(0) User=0.01s Sys=0.00s Real=0.00s
[2025-08-01T15:46:36.617+0800] GC(1) Pause Young (Normal) (G1 Evacuation Pause)
[2025-08-01T15:46:36.617+0800] GC(1) Using 2 workers of 8 for evacuation
[2025-08-01T15:46:36.623+0800] GC(1)   Pre Evacuate Collection Set: 0.0ms
[2025-08-01T15:46:36.623+0800] GC(1)   Evacuate Collection Set: 5.7ms
[2025-08-01T15:46:36.623+0800] GC(1)   Post Evacuate Collection Set: 0.2ms
[2025-08-01T15:46:36.623+0800] GC(1)   Other: 0.1ms
[2025-08-01T15:46:36.623+0800] GC(1) Eden regions: 16->0(16)
[2025-08-01T15:46:36.623+0800] GC(1) Survivor regions: 3->2(3)
[2025-08-01T15:46:36.623+0800] GC(1) Old regions: 2->5
[2025-08-01T15:46:36.624+0800] GC(1) Humongous regions: 0->0
[2025-08-01T15:46:36.624+0800] GC(1) Metaspace: 17779K(18432K)->17779K(18432K) NonClass: 15763K(16128K)->15763K(16128K) Class: 2016K(2304K)->2016K(2304K)
[2025-08-01T15:46:36.624+0800] GC(1) Pause Young (Normal) (G1 Evacuation Pause) 20M->5M(40M) 6.212ms
[2025-08-01T15:46:36.624+0800] GC(1) User=0.01s Sys=0.00s Real=0.01s
[2025-08-01T15:46:36.749+0800] GC(2) Pause Young (Normal) (G1 Evacuation Pause)
[2025-08-01T15:46:36.749+0800] GC(2) Using 4 workers of 8 for evacuation
[2025-08-01T15:46:36.750+0800] GC(2)   Pre Evacuate Collection Set: 0.0ms
[2025-08-01T15:46:36.750+0800] GC(2)   Evacuate Collection Set: 1.4ms
[2025-08-01T15:46:36.750+0800] GC(2)   Post Evacuate Collection Set: 0.1ms
[2025-08-01T15:46:36.750+0800] GC(2)   Other: 0.2ms
[2025-08-01T15:46:36.750+0800] GC(2) Eden regions: 16->0(18)
[2025-08-01T15:46:36.750+0800] GC(2) Survivor regions: 2->2(3)
[2025-08-01T15:46:36.750+0800] GC(2) Old regions: 5->5
[2025-08-01T15:46:36.750+0800] GC(2) Humongous regions: 0->0
[2025-08-01T15:46:36.750+0800] GC(2) Metaspace: 20983K(21888K)->20983K(21888K) NonClass: 18527K(19200K)->18527K(19200K) Class: 2455K(2688K)->2455K(2688K)
[2025-08-01T15:46:36.750+0800] GC(2) Pause Young (Normal) (G1 Evacuation Pause) 21M->6M(40M) 1.758ms
[2025-08-01T15:46:36.750+0800] GC(2) User=0.01s Sys=0.00s Real=0.01s
[2025-08-01T15:46:36.859+0800] GC(3) Pause Young (Normal) (G1 Evacuation Pause)
[2025-08-01T15:46:36.859+0800] GC(3) Using 4 workers of 8 for evacuation
[2025-08-01T15:46:36.861+0800] GC(3)   Pre Evacuate Collection Set: 0.0ms
[2025-08-01T15:46:36.861+0800] GC(3)   Evacuate Collection Set: 1.9ms
[2025-08-01T15:46:36.861+0800] GC(3)   Post Evacuate Collection Set: 0.1ms
[2025-08-01T15:46:36.861+0800] GC(3)   Other: 0.1ms
[2025-08-01T15:46:36.861+0800] GC(3) Eden regions: 18->0(19)
[2025-08-01T15:46:36.861+0800] GC(3) Survivor regions: 2->2(3)
[2025-08-01T15:46:36.861+0800] GC(3) Old regions: 5->6
[2025-08-01T15:46:36.861+0800] GC(3) Humongous regions: 0->0
[2025-08-01T15:46:36.861+0800] GC(3) Metaspace: 23670K(24704K)->23670K(24704K) NonClass: 20857K(21504K)->20857K(21504K) Class: 2813K(3200K)->2813K(3200K)
[2025-08-01T15:46:36.861+0800] GC(3) Pause Young (Normal) (G1 Evacuation Pause) 24M->7M(40M) 2.174ms
[2025-08-01T15:46:36.861+0800] GC(3) User=0.01s Sys=0.00s Real=0.01s
[2025-08-01T15:46:37.041+0800] GC(4) Pause Young (Normal) (G1 Evacuation Pause)
[2025-08-01T15:46:37.041+0800] GC(4) Using 3 workers of 8 for evacuation
[2025-08-01T15:46:37.045+0800] GC(4)   Pre Evacuate Collection Set: 0.0ms
[2025-08-01T15:46:37.045+0800] GC(4)   Evacuate Collection Set: 3.1ms
[2025-08-01T15:46:37.045+0800] GC(4)   Post Evacuate Collection Set: 0.2ms
[2025-08-01T15:46:37.045+0800] GC(4)   Other: 0.1ms
[2025-08-01T15:46:37.045+0800] GC(4) Eden regions: 19->0(19)
[2025-08-01T15:46:37.045+0800] GC(4) Survivor regions: 2->3(3)
[2025-08-01T15:46:37.045+0800] GC(4) Old regions: 6->6
[2025-08-01T15:46:37.045+0800] GC(4) Humongous regions: 0->0
[2025-08-01T15:46:37.045+0800] GC(4) Metaspace: 25806K(26880K)->25806K(26880K) NonClass: 22684K(23296K)->22684K(23296K) Class: 3121K(3584K)->3121K(3584K)
[2025-08-01T15:46:37.045+0800] GC(4) Pause Young (Normal) (G1 Evacuation Pause) 26M->8M(40M) 3.556ms
[2025-08-01T15:46:37.045+0800] GC(4) User=0.01s Sys=0.00s Real=0.00s
[2025-08-01T15:46:37.245+0800] GC(5) Pause Young (Normal) (G1 Evacuation Pause)
[2025-08-01T15:46:37.245+0800] GC(5) Using 2 workers of 8 for evacuation
[2025-08-01T15:46:37.251+0800] GC(5)   Pre Evacuate Collection Set: 0.0ms
[2025-08-01T15:46:37.251+0800] GC(5)   Evacuate Collection Set: 5.6ms
[2025-08-01T15:46:37.251+0800] GC(5)   Post Evacuate Collection Set: 0.3ms
[2025-08-01T15:46:37.251+0800] GC(5)   Other: 0.2ms
[2025-08-01T15:46:37.251+0800] GC(5) Eden regions: 19->0(18)
[2025-08-01T15:46:37.251+0800] GC(5) Survivor regions: 3->3(3)
[2025-08-01T15:46:37.251+0800] GC(5) Old regions: 6->7
[2025-08-01T15:46:37.251+0800] GC(5) Humongous regions: 0->0
[2025-08-01T15:46:37.251+0800] GC(5) Metaspace: 28623K(29824K)->28623K(29824K) NonClass: 25088K(25856K)->25088K(25856K) Class: 3535K(3968K)->3535K(3968K)
[2025-08-01T15:46:37.251+0800] GC(5) Pause Young (Normal) (G1 Evacuation Pause) 27M->9M(40M) 6.091ms
[2025-08-01T15:46:37.251+0800] GC(5) User=0.01s Sys=0.00s Real=0.01s
[2025-08-01T15:46:37.413+0800] GC(6) Pause Young (Normal) (G1 Evacuation Pause)
[2025-08-01T15:46:37.413+0800] GC(6) Using 2 workers of 8 for evacuation
[2025-08-01T15:46:37.418+0800] GC(6)   Pre Evacuate Collection Set: 0.0ms
[2025-08-01T15:46:37.418+0800] GC(6)   Evacuate Collection Set: 5.1ms
[2025-08-01T15:46:37.418+0800] GC(6)   Post Evacuate Collection Set: 0.1ms
[2025-08-01T15:46:37.418+0800] GC(6)   Other: 0.1ms
[2025-08-01T15:46:37.418+0800] GC(6) Eden regions: 18->0(18)
[2025-08-01T15:46:37.418+0800] GC(6) Survivor regions: 3->3(3)
[2025-08-01T15:46:37.418+0800] GC(6) Old regions: 7->9
[2025-08-01T15:46:37.418+0800] GC(6) Humongous regions: 0->0
[2025-08-01T15:46:37.418+0800] GC(6) Metaspace: 30868K(32256K)->30868K(32256K) NonClass: 27086K(27904K)->27086K(27904K) Class: 3782K(4352K)->3782K(4352K)
[2025-08-01T15:46:37.418+0800] GC(6) Pause Young (Normal) (G1 Evacuation Pause) 27M->10M(40M) 5.452ms
[2025-08-01T15:46:37.418+0800] GC(6) User=0.01s Sys=0.00s Real=0.00s
[2025-08-01T15:46:37.576+0800] GC(7) Pause Young (Normal) (G1 Evacuation Pause)
[2025-08-01T15:46:37.576+0800] GC(7) Using 8 workers of 8 for evacuation
[2025-08-01T15:46:37.579+0800] GC(7)   Pre Evacuate Collection Set: 0.0ms
[2025-08-01T15:46:37.579+0800] GC(7)   Evacuate Collection Set: 2.3ms
[2025-08-01T15:46:37.579+0800] GC(7)   Post Evacuate Collection Set: 0.2ms
[2025-08-01T15:46:37.579+0800] GC(7)   Other: 0.4ms
[2025-08-01T15:46:37.579+0800] GC(7) Eden regions: 18->0(17)
[2025-08-01T15:46:37.579+0800] GC(7) Survivor regions: 3->3(3)
[2025-08-01T15:46:37.579+0800] GC(7) Old regions: 9->10
[2025-08-01T15:46:37.579+0800] GC(7) Humongous regions: 0->0
[2025-08-01T15:46:37.579+0800] GC(7) Metaspace: 32966K(34304K)->32966K(34304K) NonClass: 28898K(29696K)->28898K(29696K) Class: 4068K(4608K)->4068K(4608K)
[2025-08-01T15:46:37.579+0800] GC(7) Pause Young (Normal) (G1 Evacuation Pause) 28M->12M(40M) 2.923ms
[2025-08-01T15:46:37.579+0800] GC(7) User=0.02s Sys=0.00s Real=0.00s
[2025-08-01T15:46:41.301+0800] GC(8) Pause Young (Normal) (G1 Evacuation Pause)
[2025-08-01T15:46:41.301+0800] GC(8) Using 8 workers of 8 for evacuation
[2025-08-01T15:46:41.304+0800] GC(8)   Pre Evacuate Collection Set: 0.0ms
[2025-08-01T15:46:41.304+0800] GC(8)   Evacuate Collection Set: 3.1ms
[2025-08-01T15:46:41.304+0800] GC(8)   Post Evacuate Collection Set: 0.2ms
[2025-08-01T15:46:41.304+0800] GC(8)   Other: 0.1ms
[2025-08-01T15:46:41.304+0800] GC(8) Eden regions: 17->0(16)
[2025-08-01T15:46:41.304+0800] GC(8) Survivor regions: 3->3(3)
[2025-08-01T15:46:41.304+0800] GC(8) Old regions: 10->12
[2025-08-01T15:46:41.304+0800] GC(8) Humongous regions: 0->0
[2025-08-01T15:46:41.304+0800] GC(8) Metaspace: 35175K(36736K)->35175K(36736K) NonClass: 30826K(31744K)->30826K(31744K) Class: 4349K(4992K)->4349K(4992K)
[2025-08-01T15:46:41.304+0800] GC(8) Pause Young (Normal) (G1 Evacuation Pause) 29M->14M(40M) 3.516ms
[2025-08-01T15:46:41.304+0800] GC(8) User=0.02s Sys=0.00s Real=0.00s
[2025-08-01T15:46:41.310+0800] GC(9) Pause Young (Concurrent Start) (G1 Humongous Allocation)
[2025-08-01T15:46:41.311+0800] GC(9) Using 8 workers of 8 for evacuation
[2025-08-01T15:46:41.321+0800] GC(9) To-space exhausted
[2025-08-01T15:46:41.321+0800] GC(9)   Pre Evacuate Collection Set: 0.1ms
[2025-08-01T15:46:41.321+0800] GC(9)   Evacuate Collection Set: 8.0ms
[2025-08-01T15:46:41.321+0800] GC(9)   Post Evacuate Collection Set: 2.2ms
[2025-08-01T15:46:41.321+0800] GC(9)   Other: 0.2ms
[2025-08-01T15:46:41.321+0800] GC(9) Eden regions: 11->0(1)
[2025-08-01T15:46:41.321+0800] GC(9) Survivor regions: 3->3(3)
[2025-08-01T15:46:41.321+0800] GC(9) Old regions: 12->25
[2025-08-01T15:46:41.321+0800] GC(9) Humongous regions: 4->4
[2025-08-01T15:46:41.321+0800] GC(9) Metaspace: 35175K(36736K)->35175K(36736K) NonClass: 30826K(31744K)->30826K(31744K) Class: 4349K(4992K)->4349K(4992K)
[2025-08-01T15:46:41.321+0800] GC(9) Pause Young (Concurrent Start) (G1 Humongous Allocation) 29M->32M(40M) 10.503ms
[2025-08-01T15:46:41.321+0800] GC(9) User=0.07s Sys=0.00s Real=0.01s
[2025-08-01T15:46:41.321+0800] GC(10) Concurrent Cycle
[2025-08-01T15:46:41.321+0800] GC(10) Concurrent Clear Claimed Marks
[2025-08-01T15:46:41.321+0800] GC(10) Concurrent Clear Claimed Marks 0.077ms
[2025-08-01T15:46:41.321+0800] GC(10) Concurrent Scan Root Regions
[2025-08-01T15:46:41.322+0800] GC(10) Concurrent Scan Root Regions 0.990ms
[2025-08-01T15:46:41.322+0800] GC(10) Concurrent Mark (5.646s)
[2025-08-01T15:46:41.322+0800] GC(10) Concurrent Mark From Roots
[2025-08-01T15:46:41.322+0800] GC(10) Using 2 workers of 2 for marking
[2025-08-01T15:46:41.323+0800] GC(11) Pause Young (Normal) (G1 Evacuation Pause)
[2025-08-01T15:46:41.323+0800] GC(11) Using 8 workers of 8 for evacuation
[2025-08-01T15:46:41.329+0800] GC(11) To-space exhausted
[2025-08-01T15:46:41.329+0800] GC(11)   Pre Evacuate Collection Set: 0.0ms
[2025-08-01T15:46:41.329+0800] GC(11)   Evacuate Collection Set: 5.1ms
[2025-08-01T15:46:41.329+0800] GC(11)   Post Evacuate Collection Set: 1.1ms
[2025-08-01T15:46:41.329+0800] GC(11)   Other: 0.2ms
[2025-08-01T15:46:41.329+0800] GC(11) Eden regions: 1->0(1)
[2025-08-01T15:46:41.329+0800] GC(11) Survivor regions: 3->1(1)
[2025-08-01T15:46:41.329+0800] GC(11) Old regions: 25->31
[2025-08-01T15:46:41.329+0800] GC(11) Humongous regions: 7->7
[2025-08-01T15:46:41.329+0800] GC(11) Metaspace: 35175K(36736K)->35175K(36736K) NonClass: 30826K(31744K)->30826K(31744K) Class: 4349K(4992K)->4349K(4992K)
[2025-08-01T15:46:41.329+0800] GC(11) Pause Young (Normal) (G1 Evacuation Pause) 36M->39M(40M) 6.333ms
[2025-08-01T15:46:41.329+0800] GC(11) User=0.04s Sys=0.01s Real=0.00s
[2025-08-01T15:46:41.330+0800] GC(12) Pause Young (Normal) (G1 Evacuation Pause)
[2025-08-01T15:46:41.330+0800] GC(12) Using 8 workers of 8 for evacuation
[2025-08-01T15:46:41.334+0800] GC(12) To-space exhausted
[2025-08-01T15:46:41.334+0800] GC(12)   Pre Evacuate Collection Set: 0.0ms
[2025-08-01T15:46:41.334+0800] GC(12)   Evacuate Collection Set: 3.0ms
[2025-08-01T15:46:41.334+0800] GC(12)   Post Evacuate Collection Set: 1.6ms
[2025-08-01T15:46:41.334+0800] GC(12)   Other: 0.2ms
[2025-08-01T15:46:41.334+0800] GC(12) Eden regions: 1->0(2)
[2025-08-01T15:46:41.334+0800] GC(12) Survivor regions: 1->0(1)
[2025-08-01T15:46:41.335+0800] GC(12) Old regions: 31->33
[2025-08-01T15:46:41.335+0800] GC(12) Humongous regions: 7->7
[2025-08-01T15:46:41.335+0800] GC(12) Metaspace: 35175K(36736K)->35175K(36736K) NonClass: 30826K(31744K)->30826K(31744K) Class: 4349K(4992K)->4349K(4992K)
[2025-08-01T15:46:41.335+0800] GC(12) Pause Young (Normal) (G1 Evacuation Pause) 40M->40M(40M) 4.888ms
[2025-08-01T15:46:41.335+0800] GC(12) User=0.02s Sys=0.00s Real=0.00s
[2025-08-01T15:46:41.335+0800] GC(13) Using 4 workers of 8 for full compaction
[2025-08-01T15:46:41.335+0800] GC(13) Pause Full (G1 Evacuation Pause)
[2025-08-01T15:46:41.335+0800] GC(13) Phase 1: Mark live objects
[2025-08-01T15:46:41.347+0800] GC(13) Cleaned string and symbol table, strings: 18430 processed, 2772 removed, symbols: 115506 processed, 524 removed
[2025-08-01T15:46:41.347+0800] GC(13) Phase 1: Mark live objects 11.585ms
[2025-08-01T15:46:41.347+0800] GC(13) Phase 2: Prepare for compaction
[2025-08-01T15:46:41.349+0800] GC(13) Phase 2: Prepare for compaction 1.934ms
[2025-08-01T15:46:41.349+0800] GC(13) Phase 3: Adjust pointers
[2025-08-01T15:46:41.352+0800] GC(13) Phase 3: Adjust pointers 3.602ms
[2025-08-01T15:46:41.352+0800] GC(13) Phase 4: Compact heap
[2025-08-01T15:46:41.355+0800] GC(13) Phase 4: Compact heap 2.702ms
[2025-08-01T15:46:41.357+0800] GC(13) Eden regions: 0->0(4)
[2025-08-01T15:46:41.357+0800] GC(13) Survivor regions: 0->0(1)
[2025-08-01T15:46:41.357+0800] GC(13) Old regions: 33->24
[2025-08-01T15:46:41.357+0800] GC(13) Humongous regions: 7->3
[2025-08-01T15:46:41.357+0800] GC(13) Metaspace: 35175K(36736K)->34730K(36736K) NonClass: 30826K(31744K)->30492K(31744K) Class: 4349K(4992K)->4238K(4992K)
[2025-08-01T15:46:41.357+0800] GC(13) Pause Full (G1 Evacuation Pause) 40M->25M(40M) 22.245ms
[2025-08-01T15:46:41.357+0800] GC(13) User=0.08s Sys=0.00s Real=0.02s
[2025-08-01T15:46:41.357+0800] GC(10) Concurrent Mark From Roots 34.700ms
[2025-08-01T15:46:41.357+0800] GC(10) Concurrent Mark Abort
[2025-08-01T15:46:41.357+0800] GC(10) Concurrent Cycle 35.968ms
[2025-08-01T15:46:41.359+0800] GC(14) Pause Young (Concurrent Start) (G1 Humongous Allocation)
[2025-08-01T15:46:41.359+0800] GC(14) Using 8 workers of 8 for evacuation
[2025-08-01T15:46:41.363+0800] GC(14)   Pre Evacuate Collection Set: 0.1ms
[2025-08-01T15:46:41.363+0800] GC(14)   Evacuate Collection Set: 3.9ms
[2025-08-01T15:46:41.363+0800] GC(14)   Post Evacuate Collection Set: 0.2ms
[2025-08-01T15:46:41.363+0800] GC(14)   Other: 0.1ms
[2025-08-01T15:46:41.363+0800] GC(14) Eden regions: 4->0(1)
[2025-08-01T15:46:41.363+0800] GC(14) Survivor regions: 0->1(1)
[2025-08-01T15:46:41.363+0800] GC(14) Old regions: 24->27
[2025-08-01T15:46:41.363+0800] GC(14) Humongous regions: 3->3
[2025-08-01T15:46:41.363+0800] GC(14) Metaspace: 34730K(36736K)->34730K(36736K) NonClass: 30492K(31744K)->30492K(31744K) Class: 4238K(4992K)->4238K(4992K)
[2025-08-01T15:46:41.364+0800] GC(14) Pause Young (Concurrent Start) (G1 Humongous Allocation) 29M->29M(40M) 4.430ms
[2025-08-01T15:46:41.364+0800] GC(14) User=0.02s Sys=0.00s Real=0.01s
[2025-08-01T15:46:41.364+0800] GC(15) Concurrent Cycle
[2025-08-01T15:46:41.364+0800] GC(15) Concurrent Clear Claimed Marks
[2025-08-01T15:46:41.364+0800] GC(15) Concurrent Clear Claimed Marks 0.080ms
[2025-08-01T15:46:41.364+0800] GC(15) Concurrent Scan Root Regions
[2025-08-01T15:46:41.364+0800] GC(15) Concurrent Scan Root Regions 0.711ms
[2025-08-01T15:46:41.364+0800] GC(15) Concurrent Mark (5.688s)
[2025-08-01T15:46:41.364+0800] GC(15) Concurrent Mark From Roots
[2025-08-01T15:46:41.364+0800] GC(15) Using 2 workers of 2 for marking
[2025-08-01T15:46:41.365+0800] GC(16) Pause Young (Normal) (G1 Evacuation Pause)
[2025-08-01T15:46:41.365+0800] GC(16) Using 8 workers of 8 for evacuation
[2025-08-01T15:46:41.368+0800] GC(16)   Pre Evacuate Collection Set: 0.0ms
[2025-08-01T15:46:41.368+0800] GC(16)   Evacuate Collection Set: 2.4ms
[2025-08-01T15:46:41.368+0800] GC(16)   Post Evacuate Collection Set: 0.1ms
[2025-08-01T15:46:41.368+0800] GC(16)   Other: 0.1ms
[2025-08-01T15:46:41.368+0800] GC(16) Eden regions: 1->0(1)
[2025-08-01T15:46:41.368+0800] GC(16) Survivor regions: 1->1(1)
[2025-08-01T15:46:41.368+0800] GC(16) Old regions: 27->28
[2025-08-01T15:46:41.368+0800] GC(16) Humongous regions: 7->7
[2025-08-01T15:46:41.368+0800] GC(16) Metaspace: 34730K(36736K)->34730K(36736K) NonClass: 30492K(31744K)->30492K(31744K) Class: 4238K(4992K)->4238K(4992K)
[2025-08-01T15:46:41.368+0800] GC(16) Pause Young (Normal) (G1 Evacuation Pause) 34M->34M(40M) 2.608ms
[2025-08-01T15:46:41.368+0800] GC(16) User=0.02s Sys=0.00s Real=0.00s
[2025-08-01T15:46:41.369+0800] GC(17) Pause Young (Normal) (G1 Evacuation Pause)
[2025-08-01T15:46:41.369+0800] GC(17) Using 8 workers of 8 for evacuation
[2025-08-01T15:46:41.371+0800] GC(17)   Pre Evacuate Collection Set: 0.0ms
[2025-08-01T15:46:41.371+0800] GC(17)   Evacuate Collection Set: 2.6ms
[2025-08-01T15:46:41.371+0800] GC(17)   Post Evacuate Collection Set: 0.1ms
[2025-08-01T15:46:41.371+0800] GC(17)   Other: 0.1ms
[2025-08-01T15:46:41.371+0800] GC(17) Eden regions: 1->0(2)
[2025-08-01T15:46:41.371+0800] GC(17) Survivor regions: 1->1(1)
[2025-08-01T15:46:41.371+0800] GC(17) Old regions: 28->30
[2025-08-01T15:46:41.371+0800] GC(17) Humongous regions: 7->7
[2025-08-01T15:46:41.371+0800] GC(17) Metaspace: 34730K(36736K)->34730K(36736K) NonClass: 30492K(31744K)->30492K(31744K) Class: 4238K(4992K)->4238K(4992K)
[2025-08-01T15:46:41.371+0800] GC(17) Pause Young (Normal) (G1 Evacuation Pause) 35M->35M(40M) 2.790ms
[2025-08-01T15:46:41.371+0800] GC(17) User=0.02s Sys=0.00s Real=0.01s
[2025-08-01T15:46:41.372+0800] GC(18) Pause Young (Normal) (G1 Evacuation Pause)
[2025-08-01T15:46:41.372+0800] GC(18) Using 8 workers of 8 for evacuation
[2025-08-01T15:46:41.377+0800] GC(18) To-space exhausted
[2025-08-01T15:46:41.377+0800] GC(18)   Pre Evacuate Collection Set: 0.0ms
[2025-08-01T15:46:41.377+0800] GC(18)   Evacuate Collection Set: 3.7ms
[2025-08-01T15:46:41.377+0800] GC(18)   Post Evacuate Collection Set: 1.3ms
[2025-08-01T15:46:41.377+0800] GC(18)   Other: 0.1ms
[2025-08-01T15:46:41.377+0800] GC(18) Eden regions: 2->0(2)
[2025-08-01T15:46:41.377+0800] GC(18) Survivor regions: 1->0(1)
[2025-08-01T15:46:41.378+0800] GC(18) Old regions: 30->33
[2025-08-01T15:46:41.378+0800] GC(18) Humongous regions: 7->7
[2025-08-01T15:46:41.378+0800] GC(18) Metaspace: 34730K(36736K)->34730K(36736K) NonClass: 30492K(31744K)->30492K(31744K) Class: 4238K(4992K)->4238K(4992K)
[2025-08-01T15:46:41.378+0800] GC(18) Pause Young (Normal) (G1 Evacuation Pause) 37M->38M(40M) 5.122ms
[2025-08-01T15:46:41.378+0800] GC(18) User=0.03s Sys=0.00s Real=0.00s
[2025-08-01T15:46:41.378+0800] GC(19) Using 4 workers of 8 for full compaction
[2025-08-01T15:46:41.378+0800] GC(19) Pause Full (G1 Evacuation Pause)
[2025-08-01T15:46:41.378+0800] GC(19) Phase 1: Mark live objects
[2025-08-01T15:46:41.389+0800] GC(19) Cleaned string and symbol table, strings: 15658 processed, 0 removed, symbols: 114982 processed, 87 removed
[2025-08-01T15:46:41.389+0800] GC(19) Phase 1: Mark live objects 11.090ms
[2025-08-01T15:46:41.389+0800] GC(19) Phase 2: Prepare for compaction
[2025-08-01T15:46:41.392+0800] GC(19) Phase 2: Prepare for compaction 2.644ms
[2025-08-01T15:46:41.392+0800] GC(19) Phase 3: Adjust pointers
[2025-08-01T15:46:41.397+0800] GC(19) Phase 3: Adjust pointers 5.116ms
[2025-08-01T15:46:41.397+0800] GC(19) Phase 4: Compact heap
[2025-08-01T15:46:41.399+0800] GC(19) Phase 4: Compact heap 2.089ms
[2025-08-01T15:46:41.400+0800] GC(19) Eden regions: 0->0(2)
[2025-08-01T15:46:41.400+0800] GC(19) Survivor regions: 0->0(1)
[2025-08-01T15:46:41.400+0800] GC(19) Old regions: 33->31
[2025-08-01T15:46:41.400+0800] GC(19) Humongous regions: 7->4
[2025-08-01T15:46:41.400+0800] GC(19) Metaspace: 34730K(36736K)->34730K(36736K) NonClass: 30492K(31744K)->30492K(31744K) Class: 4238K(4992K)->4238K(4992K)
[2025-08-01T15:46:41.400+0800] GC(19) Pause Full (G1 Evacuation Pause) 38M->33M(40M) 22.881ms
[2025-08-01T15:46:41.400+0800] GC(19) User=0.08s Sys=0.00s Real=0.03s
[2025-08-01T15:46:41.401+0800] GC(15) Concurrent Mark From Roots 36.142ms
[2025-08-01T15:46:41.401+0800] GC(15) Concurrent Mark Abort
[2025-08-01T15:46:41.401+0800] GC(15) Concurrent Cycle 37.043ms
[2025-08-01T15:46:41.402+0800] GC(20) Pause Young (Normal) (G1 Evacuation Pause)
[2025-08-01T15:46:41.402+0800] GC(20) Using 8 workers of 8 for evacuation
[2025-08-01T15:46:41.405+0800] GC(20)   Pre Evacuate Collection Set: 0.0ms
[2025-08-01T15:46:41.405+0800] GC(20)   Evacuate Collection Set: 2.8ms
[2025-08-01T15:46:41.405+0800] GC(20)   Post Evacuate Collection Set: 0.1ms
[2025-08-01T15:46:41.405+0800] GC(20)   Other: 0.1ms
[2025-08-01T15:46:41.405+0800] GC(20) Eden regions: 2->0(2)
[2025-08-01T15:46:41.405+0800] GC(20) Survivor regions: 0->1(1)
[2025-08-01T15:46:41.405+0800] GC(20) Old regions: 31->33
[2025-08-01T15:46:41.405+0800] GC(20) Humongous regions: 4->4
[2025-08-01T15:46:41.405+0800] GC(20) Metaspace: 34730K(36736K)->34730K(36736K) NonClass: 30492K(31744K)->30492K(31744K) Class: 4238K(4992K)->4238K(4992K)
[2025-08-01T15:46:41.405+0800] GC(20) Pause Young (Normal) (G1 Evacuation Pause) 35M->35M(40M) 3.095ms
[2025-08-01T15:46:41.405+0800] GC(20) User=0.02s Sys=0.00s Real=0.00s
[2025-08-01T15:46:41.406+0800] GC(21) Pause Young (Concurrent Start) (G1 Evacuation Pause)
[2025-08-01T15:46:41.406+0800] GC(21) Using 8 workers of 8 for evacuation
[2025-08-01T15:46:41.411+0800] GC(21) To-space exhausted
[2025-08-01T15:46:41.411+0800] GC(21)   Pre Evacuate Collection Set: 0.1ms
[2025-08-01T15:46:41.411+0800] GC(21)   Evacuate Collection Set: 3.6ms
[2025-08-01T15:46:41.411+0800] GC(21)   Post Evacuate Collection Set: 1.6ms
[2025-08-01T15:46:41.411+0800] GC(21)   Other: 0.2ms
[2025-08-01T15:46:41.411+0800] GC(21) Eden regions: 2->0(2)
[2025-08-01T15:46:41.411+0800] GC(21) Survivor regions: 1->0(1)
[2025-08-01T15:46:41.411+0800] GC(21) Old regions: 33->36
[2025-08-01T15:46:41.411+0800] GC(21) Humongous regions: 4->4
[2025-08-01T15:46:41.411+0800] GC(21) Metaspace: 34730K(36736K)->34730K(36736K) NonClass: 30492K(31744K)->30492K(31744K) Class: 4238K(4992K)->4238K(4992K)
[2025-08-01T15:46:41.411+0800] GC(21) Pause Young (Concurrent Start) (G1 Evacuation Pause) 37M->38M(40M) 5.547ms
[2025-08-01T15:46:41.411+0800] GC(21) User=0.03s Sys=0.00s Real=0.01s
[2025-08-01T15:46:41.411+0800] GC(22) Using 4 workers of 8 for full compaction
[2025-08-01T15:46:41.411+0800] GC(22) Pause Full (G1 Evacuation Pause)
[2025-08-01T15:46:41.412+0800] GC(23) Concurrent Cycle
[2025-08-01T15:46:41.412+0800] GC(23) Concurrent Clear Claimed Marks
[2025-08-01T15:46:41.412+0800] GC(23) Concurrent Clear Claimed Marks 0.062ms
[2025-08-01T15:46:41.412+0800] GC(23) Concurrent Scan Root Regions
[2025-08-01T15:46:41.412+0800] GC(23) Concurrent Scan Root Regions 0.005ms
[2025-08-01T15:46:41.412+0800] GC(23) Concurrent Mark (5.735s)
[2025-08-01T15:46:41.412+0800] GC(22) Phase 1: Mark live objects
[2025-08-01T15:46:41.424+0800] GC(22) Cleaned string and symbol table, strings: 15658 processed, 0 removed, symbols: 114895 processed, 0 removed
[2025-08-01T15:46:41.424+0800] GC(22) Phase 1: Mark live objects 12.146ms
[2025-08-01T15:46:41.424+0800] GC(22) Phase 2: Prepare for compaction
[2025-08-01T15:46:41.428+0800] GC(22) Phase 2: Prepare for compaction 4.359ms
[2025-08-01T15:46:41.428+0800] GC(22) Phase 3: Adjust pointers
[2025-08-01T15:46:41.433+0800] GC(22) Phase 3: Adjust pointers 5.018ms
[2025-08-01T15:46:41.433+0800] GC(22) Phase 4: Compact heap
[2025-08-01T15:46:41.437+0800] GC(22) Phase 4: Compact heap 3.278ms
[2025-08-01T15:46:41.438+0800] GC(22) Eden regions: 0->0(2)
[2025-08-01T15:46:41.438+0800] GC(22) Survivor regions: 0->0(1)
[2025-08-01T15:46:41.438+0800] GC(22) Old regions: 36->34
[2025-08-01T15:46:41.438+0800] GC(22) Humongous regions: 4->4
[2025-08-01T15:46:41.438+0800] GC(22) Metaspace: 34730K(36736K)->34730K(36736K) NonClass: 30492K(31744K)->30492K(31744K) Class: 4238K(4992K)->4238K(4992K)
[2025-08-01T15:46:41.438+0800] GC(22) Pause Full (G1 Evacuation Pause) 38M->37M(40M) 26.835ms
[2025-08-01T15:46:41.438+0800] GC(22) User=0.09s Sys=0.00s Real=0.02s
[2025-08-01T15:46:41.438+0800] GC(23) Concurrent Mark Abort
[2025-08-01T15:46:41.438+0800] GC(23) Concurrent Cycle 26.927ms
[2025-08-01T15:46:41.439+0800] GC(24) Pause Young (Concurrent Start) (G1 Humongous Allocation)
[2025-08-01T15:46:41.439+0800] GC(24) Using 8 workers of 8 for evacuation
[2025-08-01T15:46:41.440+0800] GC(24)   Pre Evacuate Collection Set: 0.1ms
[2025-08-01T15:46:41.440+0800] GC(24)   Evacuate Collection Set: 1.4ms
[2025-08-01T15:46:41.440+0800] GC(24)   Post Evacuate Collection Set: 0.1ms
[2025-08-01T15:46:41.441+0800] GC(24)   Other: 0.1ms
[2025-08-01T15:46:41.441+0800] GC(24) Eden regions: 1->0(2)
[2025-08-01T15:46:41.441+0800] GC(24) Survivor regions: 0->1(1)
[2025-08-01T15:46:41.441+0800] GC(24) Old regions: 34->34
[2025-08-01T15:46:41.441+0800] GC(24) Humongous regions: 4->4
[2025-08-01T15:46:41.441+0800] GC(24) Metaspace: 34730K(36736K)->34730K(36736K) NonClass: 30492K(31744K)->30492K(31744K) Class: 4238K(4992K)->4238K(4992K)
[2025-08-01T15:46:41.441+0800] GC(24) Pause Young (Concurrent Start) (G1 Humongous Allocation) 38M->38M(40M) 1.824ms
[2025-08-01T15:46:41.441+0800] GC(24) User=0.01s Sys=0.00s Real=0.01s
[2025-08-01T15:46:41.441+0800] GC(25) Concurrent Cycle
[2025-08-01T15:46:41.441+0800] GC(25) Concurrent Clear Claimed Marks
[2025-08-01T15:46:41.441+0800] GC(25) Concurrent Clear Claimed Marks 0.045ms
[2025-08-01T15:46:41.441+0800] GC(25) Concurrent Scan Root Regions
[2025-08-01T15:46:41.441+0800] GC(25) Concurrent Scan Root Regions 0.336ms
[2025-08-01T15:46:41.441+0800] GC(25) Concurrent Mark (5.765s)
[2025-08-01T15:46:41.441+0800] GC(25) Concurrent Mark From Roots
[2025-08-01T15:46:41.441+0800] GC(25) Using 2 workers of 2 for marking
[2025-08-01T15:46:41.441+0800] GC(26) Pause Young (Normal) (G1 Humongous Allocation)
[2025-08-01T15:46:41.441+0800] GC(26) Using 8 workers of 8 for evacuation
[2025-08-01T15:46:41.442+0800] GC(26)   Pre Evacuate Collection Set: 0.3ms
[2025-08-01T15:46:41.443+0800] GC(26)   Evacuate Collection Set: 1.1ms
[2025-08-01T15:46:41.443+0800] GC(26)   Post Evacuate Collection Set: 0.2ms
[2025-08-01T15:46:41.443+0800] GC(26)   Other: 0.1ms
[2025-08-01T15:46:41.443+0800] GC(26) Eden regions: 0->0(2)
[2025-08-01T15:46:41.443+0800] GC(26) Survivor regions: 1->1(1)
[2025-08-01T15:46:41.443+0800] GC(26) Old regions: 34->34
[2025-08-01T15:46:41.443+0800] GC(26) Humongous regions: 4->4
[2025-08-01T15:46:41.443+0800] GC(26) Metaspace: 34730K(36736K)->34730K(36736K) NonClass: 30492K(31744K)->30492K(31744K) Class: 4238K(4992K)->4238K(4992K)
[2025-08-01T15:46:41.443+0800] GC(26) Pause Young (Normal) (G1 Humongous Allocation) 38M->38M(40M) 1.566ms
[2025-08-01T15:46:41.443+0800] GC(26) User=0.00s Sys=0.00s Real=0.00s
[2025-08-01T15:46:41.443+0800] GC(27) Using 4 workers of 8 for full compaction
[2025-08-01T15:46:41.443+0800] GC(27) Pause Full (G1 Humongous Allocation)
[2025-08-01T15:46:41.443+0800] GC(27) Phase 1: Mark live objects
[2025-08-01T15:46:41.456+0800] GC(27) Cleaned string and symbol table, strings: 15658 processed, 0 removed, symbols: 114895 processed, 0 removed
[2025-08-01T15:46:41.456+0800] GC(27) Phase 1: Mark live objects 12.723ms
[2025-08-01T15:46:41.456+0800] GC(27) Phase 2: Prepare for compaction
[2025-08-01T15:46:41.459+0800] GC(27) Phase 2: Prepare for compaction 3.007ms
[2025-08-01T15:46:41.459+0800] GC(27) Phase 3: Adjust pointers
[2025-08-01T15:46:41.464+0800] GC(27) Phase 3: Adjust pointers 5.491ms
[2025-08-01T15:46:41.464+0800] GC(27) Phase 4: Compact heap
[2025-08-01T15:46:41.466+0800] GC(27) Phase 4: Compact heap 1.927ms
[2025-08-01T15:46:41.468+0800] GC(27) Eden regions: 0->0(2)
[2025-08-01T15:46:41.468+0800] GC(27) Survivor regions: 1->0(1)
[2025-08-01T15:46:41.468+0800] GC(27) Old regions: 34->35
[2025-08-01T15:46:41.468+0800] GC(27) Humongous regions: 4->4
[2025-08-01T15:46:41.468+0800] GC(27) Metaspace: 34730K(36736K)->34730K(36736K) NonClass: 30492K(31744K)->30492K(31744K) Class: 4238K(4992K)->4238K(4992K)
[2025-08-01T15:46:41.468+0800] GC(27) Pause Full (G1 Humongous Allocation) 38M->38M(40M) 25.240ms
[2025-08-01T15:46:41.468+0800] GC(27) User=0.09s Sys=0.00s Real=0.02s
[2025-08-01T15:46:41.468+0800] GC(28) Using 3 workers of 8 for full compaction
[2025-08-01T15:46:41.468+0800] GC(28) Pause Full (G1 Humongous Allocation)
[2025-08-01T15:46:41.468+0800] GC(28) Phase 1: Mark live objects
[2025-08-01T15:46:41.486+0800] GC(28) Cleaned string and symbol table, strings: 15658 processed, 0 removed, symbols: 114895 processed, 0 removed
[2025-08-01T15:46:41.486+0800] GC(28) Phase 1: Mark live objects 17.558ms
[2025-08-01T15:46:41.486+0800] GC(28) Phase 2: Prepare for compaction
[2025-08-01T15:46:41.491+0800] GC(28) Phase 2: Prepare for compaction 5.058ms
[2025-08-01T15:46:41.491+0800] GC(28) Phase 3: Adjust pointers
[2025-08-01T15:46:41.501+0800] GC(28) Phase 3: Adjust pointers 10.059ms
[2025-08-01T15:46:41.501+0800] GC(28) Phase 4: Compact heap
[2025-08-01T15:46:41.505+0800] GC(28) Phase 4: Compact heap 4.238ms
[2025-08-01T15:46:41.507+0800] GC(28) Eden regions: 0->0(2)
[2025-08-01T15:46:41.507+0800] GC(28) Survivor regions: 0->0(1)
[2025-08-01T15:46:41.507+0800] GC(28) Old regions: 35->35
[2025-08-01T15:46:41.507+0800] GC(28) Humongous regions: 4->4
[2025-08-01T15:46:41.507+0800] GC(28) Metaspace: 34730K(36736K)->34730K(36736K) NonClass: 30492K(31744K)->30492K(31744K) Class: 4238K(4992K)->4238K(4992K)
[2025-08-01T15:46:41.507+0800] GC(28) Pause Full (G1 Humongous Allocation) 38M->38M(40M) 39.136ms
[2025-08-01T15:46:41.507+0800] GC(28) User=0.11s Sys=0.01s Real=0.04s
[2025-08-01T15:46:41.507+0800] GC(25) Concurrent Mark From Roots 66.188ms
[2025-08-01T15:46:41.507+0800] GC(25) Concurrent Mark Abort
[2025-08-01T15:46:41.507+0800] GC(25) Concurrent Cycle 66.623ms
[2025-08-01T15:46:41.983+0800] GC(29) Pause Young (Normal) (G1 Evacuation Pause)
[2025-08-01T15:46:41.983+0800] GC(29) Using 8 workers of 8 for evacuation
[2025-08-01T15:46:41.985+0800] GC(29) To-space exhausted
[2025-08-01T15:46:41.986+0800] GC(29)   Pre Evacuate Collection Set: 0.0ms
[2025-08-01T15:46:41.986+0800] GC(29)   Evacuate Collection Set: 1.3ms
[2025-08-01T15:46:41.986+0800] GC(29)   Post Evacuate Collection Set: 0.7ms
[2025-08-01T15:46:41.986+0800] GC(29)   Other: 0.2ms
[2025-08-01T15:46:41.986+0800] GC(29) Eden regions: 1->0(2)
[2025-08-01T15:46:41.986+0800] GC(29) Survivor regions: 0->0(1)
[2025-08-01T15:46:41.986+0800] GC(29) Old regions: 35->36
[2025-08-01T15:46:41.986+0800] GC(29) Humongous regions: 4->4
[2025-08-01T15:46:41.986+0800] GC(29) Metaspace: 34792K(36736K)->34792K(36736K) NonClass: 30531K(31744K)->30531K(31744K) Class: 4260K(4992K)->4260K(4992K)
[2025-08-01T15:46:41.986+0800] GC(29) Pause Young (Normal) (G1 Evacuation Pause) 39M->39M(40M) 2.275ms
[2025-08-01T15:46:41.986+0800] GC(29) User=0.01s Sys=0.00s Real=0.00s
[2025-08-01T15:46:41.986+0800] GC(30) Using 4 workers of 8 for full compaction
[2025-08-01T15:46:41.986+0800] GC(30) Pause Full (G1 Evacuation Pause)
[2025-08-01T15:46:41.986+0800] GC(30) Phase 1: Mark live objects
[2025-08-01T15:46:41.991+0800] GC(30) Cleaned string and symbol table, strings: 15772 processed, 25 removed, symbols: 115118 processed, 0 removed
[2025-08-01T15:46:41.991+0800] GC(30) Phase 1: Mark live objects 5.513ms
[2025-08-01T15:46:41.991+0800] GC(30) Phase 2: Prepare for compaction
[2025-08-01T15:46:41.993+0800] GC(30) Phase 2: Prepare for compaction 1.407ms
[2025-08-01T15:46:41.993+0800] GC(30) Phase 3: Adjust pointers
[2025-08-01T15:46:41.995+0800] GC(30) Phase 3: Adjust pointers 2.171ms
[2025-08-01T15:46:41.995+0800] GC(30) Phase 4: Compact heap
[2025-08-01T15:46:41.996+0800] GC(30) Phase 4: Compact heap 1.095ms
[2025-08-01T15:46:41.998+0800] GC(30) Eden regions: 0->0(15)
[2025-08-01T15:46:41.998+0800] GC(30) Survivor regions: 0->0(1)
[2025-08-01T15:46:41.998+0800] GC(30) Old regions: 36->12
[2025-08-01T15:46:41.998+0800] GC(30) Humongous regions: 4->0
[2025-08-01T15:46:41.998+0800] GC(30) Metaspace: 34792K(36736K)->34792K(36736K) NonClass: 30531K(31744K)->30531K(31744K) Class: 4260K(4992K)->4260K(4992K)
[2025-08-01T15:46:41.998+0800] GC(30) Pause Full (G1 Evacuation Pause) 39M->9M(40M) 12.148ms
[2025-08-01T15:46:41.998+0800] GC(30) User=0.04s Sys=0.00s Real=0.01s
[2025-08-02T12:15:39.682+0800] GC(31) Pause Young (Normal) (G1 Evacuation Pause)
[2025-08-02T12:15:39.687+0800] GC(31) Using 8 workers of 8 for evacuation
[2025-08-02T12:15:39.703+0800] GC(31)   Pre Evacuate Collection Set: 0.1ms
[2025-08-02T12:15:39.703+0800] GC(31)   Evacuate Collection Set: 12.5ms
[2025-08-02T12:15:39.703+0800] GC(31)   Post Evacuate Collection Set: 0.3ms
[2025-08-02T12:15:39.703+0800] GC(31)   Other: 8.6ms
[2025-08-02T12:15:39.703+0800] GC(31) Eden regions: 15->0(16)
[2025-08-02T12:15:39.703+0800] GC(31) Survivor regions: 0->1(2)
[2025-08-02T12:15:39.703+0800] GC(31) Old regions: 12->12
[2025-08-02T12:15:39.703+0800] GC(31) Humongous regions: 0->0
[2025-08-02T12:15:39.703+0800] GC(31) Metaspace: 35049K(36992K)->35049K(36992K) NonClass: 30752K(32000K)->30752K(32000K) Class: 4297K(4992K)->4297K(4992K)
[2025-08-02T12:15:39.703+0800] GC(31) Pause Young (Normal) (G1 Evacuation Pause) 24M->9M(40M) 21.475ms
[2025-08-02T12:15:39.703+0800] GC(31) User=0.01s Sys=0.06s Real=0.02s
[2025-08-03T22:16:30.575+0800] GC(32) Pause Young (Normal) (G1 Evacuation Pause)
[2025-08-03T22:16:30.576+0800] GC(32) Using 8 workers of 8 for evacuation
[2025-08-03T22:16:30.588+0800] GC(32)   Pre Evacuate Collection Set: 0.1ms
[2025-08-03T22:16:30.588+0800] GC(32)   Evacuate Collection Set: 10.3ms
[2025-08-03T22:16:30.588+0800] GC(32)   Post Evacuate Collection Set: 0.4ms
[2025-08-03T22:16:30.588+0800] GC(32)   Other: 2.1ms
[2025-08-03T22:16:30.588+0800] GC(32) Eden regions: 16->0(17)
[2025-08-03T22:16:30.588+0800] GC(32) Survivor regions: 1->1(3)
[2025-08-03T22:16:30.588+0800] GC(32) Old regions: 12->12
[2025-08-03T22:16:30.588+0800] GC(32) Humongous regions: 0->0
[2025-08-03T22:16:30.588+0800] GC(32) Metaspace: 35049K(36992K)->35049K(36992K) NonClass: 30752K(32000K)->30752K(32000K) Class: 4297K(4992K)->4297K(4992K)
[2025-08-03T22:16:30.588+0800] GC(32) Pause Young (Normal) (G1 Evacuation Pause) 25M->9M(40M) 12.934ms
[2025-08-03T22:16:30.588+0800] GC(32) User=0.01s Sys=0.04s Real=0.01s
[2025-08-05T00:07:38.526+0800] GC(33) Pause Young (Normal) (G1 Evacuation Pause)
[2025-08-05T00:07:38.527+0800] GC(33) Using 8 workers of 8 for evacuation
[2025-08-05T00:07:38.536+0800] GC(33)   Pre Evacuate Collection Set: 0.1ms
[2025-08-05T00:07:38.536+0800] GC(33)   Evacuate Collection Set: 8.6ms
[2025-08-05T00:07:38.536+0800] GC(33)   Post Evacuate Collection Set: 0.3ms
[2025-08-05T00:07:38.536+0800] GC(33)   Other: 1.2ms
[2025-08-05T00:07:38.536+0800] GC(33) Eden regions: 17->0(17)
[2025-08-05T00:07:38.536+0800] GC(33) Survivor regions: 1->1(3)
[2025-08-05T00:07:38.536+0800] GC(33) Old regions: 12->12
[2025-08-05T00:07:38.536+0800] GC(33) Humongous regions: 0->0
[2025-08-05T00:07:38.536+0800] GC(33) Metaspace: 35049K(36992K)->35049K(36992K) NonClass: 30752K(32000K)->30752K(32000K) Class: 4297K(4992K)->4297K(4992K)
[2025-08-05T00:07:38.536+0800] GC(33) Pause Young (Normal) (G1 Evacuation Pause) 26M->9M(40M) 10.150ms
[2025-08-05T00:07:38.536+0800] GC(33) User=0.01s Sys=0.04s Real=0.01s
[2025-08-06T11:01:36.853+0800] GC(34) Pause Young (Normal) (G1 Evacuation Pause)
[2025-08-06T11:01:36.854+0800] GC(34) Using 8 workers of 8 for evacuation
[2025-08-06T11:01:36.866+0800] GC(34)   Pre Evacuate Collection Set: 0.1ms
[2025-08-06T11:01:36.866+0800] GC(34)   Evacuate Collection Set: 9.9ms
[2025-08-06T11:01:36.866+0800] GC(34)   Post Evacuate Collection Set: 0.4ms
[2025-08-06T11:01:36.866+0800] GC(34)   Other: 2.1ms
[2025-08-06T11:01:36.866+0800] GC(34) Eden regions: 17->0(18)
[2025-08-06T11:01:36.866+0800] GC(34) Survivor regions: 1->1(3)
[2025-08-06T11:01:36.866+0800] GC(34) Old regions: 12->12
[2025-08-06T11:01:36.866+0800] GC(34) Humongous regions: 0->0
[2025-08-06T11:01:36.866+0800] GC(34) Metaspace: 35049K(36992K)->35049K(36992K) NonClass: 30752K(32000K)->30752K(32000K) Class: 4297K(4992K)->4297K(4992K)
[2025-08-06T11:01:36.866+0800] GC(34) Pause Young (Normal) (G1 Evacuation Pause) 26M->9M(40M) 12.473ms
[2025-08-06T11:01:36.866+0800] GC(34) User=0.01s Sys=0.05s Real=0.01s
[2025-08-07T12:47:45.687+0800] GC(35) Pause Young (Normal) (G1 Evacuation Pause)
[2025-08-07T12:47:45.688+0800] GC(35) Using 8 workers of 8 for evacuation
[2025-08-07T12:47:45.698+0800] GC(35)   Pre Evacuate Collection Set: 0.1ms
[2025-08-07T12:47:45.698+0800] GC(35)   Evacuate Collection Set: 9.1ms
[2025-08-07T12:47:45.698+0800] GC(35)   Post Evacuate Collection Set: 0.3ms
[2025-08-07T12:47:45.698+0800] GC(35)   Other: 1.9ms
[2025-08-07T12:47:45.698+0800] GC(35) Eden regions: 18->0(19)
[2025-08-07T12:47:45.698+0800] GC(35) Survivor regions: 1->1(3)
[2025-08-07T12:47:45.698+0800] GC(35) Old regions: 12->12
[2025-08-07T12:47:45.698+0800] GC(35) Humongous regions: 0->0
[2025-08-07T12:47:45.698+0800] GC(35) Metaspace: 35049K(36992K)->35049K(36992K) NonClass: 30752K(32000K)->30752K(32000K) Class: 4297K(4992K)->4297K(4992K)
[2025-08-07T12:47:45.698+0800] GC(35) Pause Young (Normal) (G1 Evacuation Pause) 27M->9M(40M) 11.317ms
[2025-08-07T12:47:45.698+0800] GC(35) User=0.01s Sys=0.04s Real=0.01s
[2025-08-08T06:27:12.946+0800] GC(36) Pause Young (Normal) (G1 Evacuation Pause)
[2025-08-08T06:27:12.946+0800] GC(36) Using 8 workers of 8 for evacuation
[2025-08-08T06:27:12.958+0800] GC(36)   Pre Evacuate Collection Set: 0.0ms
[2025-08-08T06:27:12.958+0800] GC(36)   Evacuate Collection Set: 10.2ms
[2025-08-08T06:27:12.958+0800] GC(36)   Post Evacuate Collection Set: 0.3ms
[2025-08-08T06:27:12.958+0800] GC(36)   Other: 1.7ms
[2025-08-08T06:27:12.958+0800] GC(36) Eden regions: 19->0(19)
[2025-08-08T06:27:12.958+0800] GC(36) Survivor regions: 1->1(3)
[2025-08-08T06:27:12.958+0800] GC(36) Old regions: 12->12
[2025-08-08T06:27:12.958+0800] GC(36) Humongous regions: 0->0
[2025-08-08T06:27:12.958+0800] GC(36) Metaspace: 35049K(36992K)->35049K(36992K) NonClass: 30752K(32000K)->30752K(32000K) Class: 4297K(4992K)->4297K(4992K)
[2025-08-08T06:27:12.958+0800] GC(36) Pause Young (Normal) (G1 Evacuation Pause) 28M->9M(40M) 12.265ms
[2025-08-08T06:27:12.958+0800] GC(36) User=0.01s Sys=0.03s Real=0.01s
[2025-08-08T09:05:56.303+0800] Heap
[2025-08-08T09:05:56.303+0800]  garbage-first heap   total 40960K, used 14014K [0x00000007fd800000, 0x0000000800000000)
[2025-08-08T09:05:56.303+0800]   region size 1024K, 6 young (6144K), 1 survivors (1024K)
[2025-08-08T09:05:56.304+0800]  Metaspace       used 35179K, capacity 36249K, committed 36992K, reserved 1081344K
[2025-08-08T09:05:56.304+0800]   class space    used 4328K, capacity 4804K, committed 4992K, reserved 1048576K
